{
  "suite_name": "corruption_resilience",
  "start_time": "2025-08-03T14:02:34.158385476-07:00",
  "end_time": "2025-08-03T14:02:34.158616714-07:00",
  "duration": 231208,
  "total_count": 4,
  "passed_count": 0,
  "failed_count": 4,
  "skipped_count": 0,
  "test_results": [
    {
      "test_case_id": "corruption_0",
      "test_name": "Truncated HTML",
      "status": "failed",
      "start_time": "2025-08-03T14:02:34.158386356-07:00",
      "end_time": "2025-08-03T14:02:34.158427567-07:00",
      "duration": 41211,
      "validation_result": {
        "status": "failed",
        "score": 0,
        "violations": [
          {
            "field": "warnings",
            "expected": [
              "Document may contain corrupted or invalid content"
            ],
            "actual": [],
            "severity": "minor",
            "message": "Missing expected warnings: [Document may contain corrupted or invalid content]"
          }
        ],
        "matches": [],
        "details": {
          "critical_violations": 0,
          "major_violations": 0,
          "passed_checks": 0,
          "total_checks": 1
        }
      },
      "actual_output": {
        "page_count": 1,
        "output_size": 50,
        "render_time": 50000000,
        "cache_hit": false
      }
    },
    {
      "test_case_id": "corruption_1",
      "test_name": "Invalid Nested Tags",
      "status": "failed",
      "start_time": "2025-08-03T14:02:34.158433407-07:00",
      "end_time": "2025-08-03T14:02:34.158455208-07:00",
      "duration": 21801,
      "validation_result": {
        "status": "failed",
        "score": 0,
        "violations": [
          {
            "field": "warnings",
            "expected": [
              "Document may contain corrupted or invalid content"
            ],
            "actual": [],
            "severity": "minor",
            "message": "Missing expected warnings: [Document may contain corrupted or invalid content]"
          }
        ],
        "matches": [],
        "details": {
          "critical_violations": 0,
          "major_violations": 0,
          "passed_checks": 0,
          "total_checks": 1
        }
      },
      "actual_output": {
        "page_count": 1,
        "output_size": 114,
        "render_time": 50000000,
        "cache_hit": false
      }
    },
    {
      "test_case_id": "corruption_2",
      "test_name": "Extremely Long Attribute",
      "status": "failed",
      "start_time": "2025-08-03T14:02:34.158457358-07:00",
      "end_time": "2025-08-03T14:02:34.158596953-07:00",
      "duration": 139595,
      "validation_result": {
        "status": "failed",
        "score": 0,
        "violations": [
          {
            "field": "warnings",
            "expected": [
              "Document may contain corrupted or invalid content"
            ],
            "actual": [],
            "severity": "minor",
            "message": "Missing expected warnings: [Document may contain corrupted or invalid content]"
          }
        ],
        "matches": [],
        "details": {
          "critical_violations": 0,
          "major_violations": 0,
          "passed_checks": 0,
          "total_checks": 1
        }
      },
      "actual_output": {
        "page_count": 2,
        "output_size": 20100,
        "render_time": 50000000,
        "cache_hit": false
      }
    },
    {
      "test_case_id": "corruption_3",
      "test_name": "Binary Data in HTML",
      "status": "failed",
      "start_time": "2025-08-03T14:02:34.158599593-07:00",
      "end_time": "2025-08-03T14:02:34.158615244-07:00",
      "duration": 15651,
      "validation_result": {
        "status": "failed",
        "score": 0,
        "violations": [
          {
            "field": "warnings",
            "expected": [
              "Document may contain corrupted or invalid content"
            ],
            "actual": [],
            "severity": "minor",
            "message": "Missing expected warnings: [Document may contain corrupted or invalid content]"
          }
        ],
        "matches": [],
        "details": {
          "critical_violations": 0,
          "major_violations": 0,
          "passed_checks": 0,
          "total_checks": 1
        }
      },
      "actual_output": {
        "page_count": 1,
        "output_size": 126,
        "render_time": 50000000,
        "cache_hit": false
      }
    }
  ]
}