{
  "suite_name": "performance_tests",
  "start_time": "2025-08-03T22:05:21.375805176-07:00",
  "end_time": "2025-08-03T22:05:21.389906894-07:00",
  "duration": 14101718,
  "total_count": 3,
  "passed_count": 3,
  "failed_count": 0,
  "skipped_count": 0,
  "test_results": [
    {
      "test_case_id": "perf_quality_draft",
      "test_name": "Performance Test - Draft Quality",
      "status": "passed",
      "start_time": "2025-08-03T22:05:21.375806216-07:00",
      "end_time": "2025-08-03T22:05:21.380391991-07:00",
      "duration": 4585775,
      "validation_result": {
        "status": "passed",
        "score": 1,
        "violations": [],
        "matches": [],
        "details": {
          "critical_violations": 0,
          "major_violations": 0,
          "passed_checks": 0,
          "total_checks": 0
        }
      },
      "actual_output": {
        "page_count": 3,
        "output_size": 62868,
        "render_time": 50000000,
        "cache_hit": false
      }
    },
    {
      "test_case_id": "perf_quality_normal",
      "test_name": "Performance Test - Normal Quality",
      "status": "passed",
      "start_time": "2025-08-03T22:05:21.380394042-07:00",
      "end_time": "2025-08-03T22:05:21.385002878-07:00",
      "duration": 4608836,
      "validation_result": {
        "status": "passed",
        "score": 1,
        "violations": [],
        "matches": [],
        "details": {
          "critical_violations": 0,
          "major_violations": 0,
          "passed_checks": 0,
          "total_checks": 0
        }
      },
      "actual_output": {
        "page_count": 3,
        "output_size": 62868,
        "render_time": 50000000,
        "cache_hit": false
      }
    },
    {
      "test_case_id": "perf_quality_high",
      "test_name": "Performance Test - High Quality",
      "status": "passed",
      "start_time": "2025-08-03T22:05:21.385011528-07:00",
      "end_time": "2025-08-03T22:05:21.389905454-07:00",
      "duration": 4893926,
      "validation_result": {
        "status": "passed",
        "score": 1,
        "violations": [],
        "matches": [],
        "details": {
          "critical_violations": 0,
          "major_violations": 0,
          "passed_checks": 0,
          "total_checks": 0
        }
      },
      "actual_output": {
        "page_count": 3,
        "output_size": 62868,
        "render_time": 50000000,
        "cache_hit": false
      }
    }
  ]
}