{
  "suite_name": "regression_baselines",
  "start_time": "2025-08-03T22:05:24.985669882-07:00",
  "end_time": "2025-08-03T22:05:24.996139637-07:00",
  "duration": 10469745,
  "total_count": 3,
  "passed_count": 1,
  "failed_count": 2,
  "skipped_count": 0,
  "test_results": [
    {
      "test_case_id": "regression_baseline_0",
      "test_name": "Baseline Simple Document",
      "status": "passed",
      "start_time": "2025-08-03T22:05:24.985670722-07:00",
      "end_time": "2025-08-03T22:05:24.985792066-07:00",
      "duration": 121344,
      "validation_result": {
        "status": "passed",
        "score": 1,
        "violations": [],
        "matches": [
          {
            "field": "page_count",
            "value": 1,
            "message": "Page count matches expected value (±1 tolerance)"
          },
          {
            "field": "render_time",
            "value": 50000000,
            "message": "Render time within acceptable variance (±500ms)"
          }
        ],
        "details": {
          "critical_violations": 0,
          "major_violations": 0,
          "passed_checks": 2,
          "total_checks": 2
        }
      },
      "actual_output": {
        "page_count": 1,
        "output_size": 142,
        "render_time": 50000000,
        "cache_hit": false
      }
    },
    {
      "test_case_id": "regression_baseline_1",
      "test_name": "Baseline Medium Document",
      "status": "failed",
      "start_time": "2025-08-03T22:05:24.985800106-07:00",
      "end_time": "2025-08-03T22:05:24.987110691-07:00",
      "duration": 1310585,
      "validation_result": {
        "status": "failed",
        "score": 0.5,
        "violations": [
          {
            "field": "page_count",
            "expected": 5,
            "actual": 1,
            "severity": "major",
            "message": "Page count differs by 4 pages (tolerance: ±1)"
          }
        ],
        "matches": [
          {
            "field": "render_time",
            "value": 50000000,
            "message": "Render time within acceptable variance (±500ms)"
          }
        ],
        "details": {
          "critical_violations": 0,
          "major_violations": 1,
          "passed_checks": 1,
          "total_checks": 2
        }
      },
      "actual_output": {
        "page_count": 1,
        "output_size": 8132,
        "render_time": 50000000,
        "cache_hit": false
      }
    },
    {
      "test_case_id": "regression_baseline_2",
      "test_name": "Baseline Complex Document",
      "status": "failed",
      "start_time": "2025-08-03T22:05:24.987120951-07:00",
      "end_time": "2025-08-03T22:05:24.996122557-07:00",
      "duration": 9001596,
      "validation_result": {
        "status": "failed",
        "score": 0,
        "violations": [
          {
            "field": "page_count",
            "expected": 20,
            "actual": 3,
            "severity": "critical",
            "message": "Page count differs by 17 pages (tolerance: ±1)"
          },
          {
            "field": "render_time",
            "expected": 1000000000,
            "actual": 50000000,
            "severity": "minor",
            "message": "Render time differs by 950ms (tolerance: ±500ms)"
          }
        ],
        "matches": [],
        "details": {
          "critical_violations": 1,
          "major_violations": 0,
          "passed_checks": 0,
          "total_checks": 2
        }
      },
      "actual_output": {
        "page_count": 3,
        "output_size": 62304,
        "render_time": 50000000,
        "cache_hit": false
      }
    }
  ]
}