version https://git-lfs.github.com/spec/v1
oid sha256:ccd5314b274c5fc5e60b1db7159546cca5933fb6fbef97adf98f6aedb45e2f9a
size 29939
