version https://git-lfs.github.com/spec/v1
oid sha256:7412c731e24efb545d6eb3740b9d5cac254e801053e171644ad4d1b291978059
size 173496
