version https://git-lfs.github.com/spec/v1
oid sha256:ad98587cad62d3c4239adea6eba54c91e0018e4b8f4328359879cbcfbaa9df34
size 148404
