version https://git-lfs.github.com/spec/v1
oid sha256:a860ba854e5f870fed6ddc04373ce806754e7548e3b4396acb83cd777816d691
size 19479
