version https://git-lfs.github.com/spec/v1
oid sha256:1639c2663da83f02900867a35afc354be5f2f0c200036253325c91711739edcd
size 536265
